--- connection id # 2
for request #1

--- connection id # 1
for request #2

connection id # 2
request #1 ------- Query 1

connection id # 1
request #2 ------- Query 1

connection id # 2
request #1 ------- Query 2

connection id # 1
request #2 ------- Query 2

connection id # 2
request #1 ------- Query 3

connection id # 1
request #3 ------- Query 3

connection id # 2
request #1 ------- Query 4

connection id # 1
request #4 ------- Query 4

connection id # 2
request #1 ------- Query 1A

connection id # 2
request #1 ------- Query 2A

connection id # 2
request #1 ------- Query 3A

connection id # 2
request #1 ------- Query 4A

